Reading E:/intelFPGA_lite/18.1/modelsim_ase/tcl/vsim/pref.tcl

# 10.5b

# vsim -c -onfinish stop -lib E:\USYD\USYD_2-2\MTRX3700\ASSIGNMENT2\WORK\V9_Sample_Trained\build\msim extract_recording_features -do "onbreak {quit -code 1}; onerror {quit -code 1}; run -all; quit -code 0" 
# Start time: 23:58:23 on Oct 07,2026
# Loading sv_std.std
# Loading E:\USYD\USYD_2-2\MTRX3700\ASSIGNMENT2\WORK\V9_Sample_Trained\build\msim.extract_recording_features
# Loading E:\USYD\USYD_2-2\MTRX3700\ASSIGNMENT2\WORK\V9_Sample_Trained\build\msim.audio_frontend
# Loading E:\USYD\USYD_2-2\MTRX3700\ASSIGNMENT2\WORK\V9_Sample_Trained\build\msim.low_pass_conv
# Loading E:\USYD\USYD_2-2\MTRX3700\ASSIGNMENT2\WORK\V9_Sample_Trained\build\msim.sync_ram
# Loading E:\USYD\USYD_2-2\MTRX3700\ASSIGNMENT2\WORK\V9_Sample_Trained\build\msim.FFT
# Loading E:\USYD\USYD_2-2\MTRX3700\ASSIGNMENT2\WORK\V9_Sample_Trained\build\msim.SdfUnit
# Loading E:\USYD\USYD_2-2\MTRX3700\ASSIGNMENT2\WORK\V9_Sample_Trained\build\msim.Butterfly
# Loading E:\USYD\USYD_2-2\MTRX3700\ASSIGNMENT2\WORK\V9_Sample_Trained\build\msim.DelayBuffer
# Loading E:\USYD\USYD_2-2\MTRX3700\ASSIGNMENT2\WORK\V9_Sample_Trained\build\msim.Twiddle
# Loading E:\USYD\USYD_2-2\MTRX3700\ASSIGNMENT2\WORK\V9_Sample_Trained\build\msim.Multiply
# Loading E:\USYD\USYD_2-2\MTRX3700\ASSIGNMENT2\WORK\V9_Sample_Trained\build\msim.fft_mag_sq
# Loading E:\USYD\USYD_2-2\MTRX3700\ASSIGNMENT2\WORK\V9_Sample_Trained\build\msim.audio_features
# onbreak {quit -code 1}
#  Warning: onbreak command for use within macro
#  onerror {quit -code 1}
#  Warning: onerror command for use within macro
#  run -all
# Extracted recording 0 of 8
# ALL TESTS PASSED: extract_recording_features
# ** Note: $finish    : tb/extract_recording_features.sv(38)
#    Time: 165319120 ns  Iteration: 1  Instance: /extract_recording_features
# Break in Module extract_recording_features at tb/extract_recording_features.sv line 38
# Stopped at tb/extract_recording_features.sv line 38
#  quit -code 0
# End time: 00:07:25 on Oct 08,2026, Elapsed time: 0:09:02
# Errors: 0, Warnings: 0
