PASS tb_audio_features
PASS tb_audio_features_hd
PASS tb_audio_level
PASS tb_audio_pipeline
PASS tb_board_controls
PASS tb_cdc_mailbox
PASS tb_classifier
PASS tb_classifier_saved
PASS tb_codec_config
PASS tb_course_audio
PASS tb_course_conv3x3
PASS tb_course_images
PASS tb_delay_buffer
PASS tb_game
PASS tb_game_controller
PASS tb_h95_classifier
PASS tb_image_store
PASS tb_mic_load
PASS tb_piano_detector
PASS tb_piano_detector_hd
PASS tb_piano_thresholds
PASS tb_reaction_time_fsm
PASS tb_recording_classifier
PASS tb_sync_ram
PASS tb_system
PASS tb_video_source
ALL 26 RTL TESTS PASSED (modelsim)
