Reading E:/intelFPGA_lite/18.1/modelsim_ase/tcl/vsim/pref.tcl

# 10.5b

# vsim -c -onfinish stop -lib E:\USYD\USYD_2-2\MTRX3700\ASSIGNMENT2\WORK\V9_Sample_Trained\build\msim tb_board_controls -do "onbreak {quit -code 1}; onerror {quit -code 1}; run -all; quit -code 0" 
# Start time: 00:13:16 on Oct 08,2026
# Loading sv_std.std
# Loading E:\USYD\USYD_2-2\MTRX3700\ASSIGNMENT2\WORK\V9_Sample_Trained\build\msim.tb_board_controls
# Loading E:\USYD\USYD_2-2\MTRX3700\ASSIGNMENT2\WORK\V9_Sample_Trained\build\msim.board_controls
# onbreak {quit -code 1}
#  Warning: onbreak command for use within macro
#  onerror {quit -code 1}
#  Warning: onerror command for use within macro
#  run -all
# ALL TESTS PASSED: tb_board_controls
# ** Note: $finish    : tb/tb_board_controls.sv(19)
#    Time: 1690 ns  Iteration: 1  Instance: /tb_board_controls
# Break in Module tb_board_controls at tb/tb_board_controls.sv line 19
# Stopped at tb/tb_board_controls.sv line 19
#  quit -code 0
# End time: 00:13:16 on Oct 08,2026, Elapsed time: 0:00:00
# Errors: 0, Warnings: 0
