Reading E:/intelFPGA_lite/18.1/modelsim_ase/tcl/vsim/pref.tcl

# 10.5b

# vsim -c -onfinish stop -lib E:\USYD\USYD_2-2\MTRX3700\ASSIGNMENT2\WORK\V9_Sample_Trained\build\msim tb_course_conv3x3 -do "onbreak {quit -code 1}; onerror {quit -code 1}; run -all; quit -code 0" 
# Start time: 00:14:51 on Oct 08,2026
# Loading sv_std.std
# Loading E:\USYD\USYD_2-2\MTRX3700\ASSIGNMENT2\WORK\V9_Sample_Trained\build\msim.tb_course_conv3x3
# Loading E:\USYD\USYD_2-2\MTRX3700\ASSIGNMENT2\WORK\V9_Sample_Trained\build\msim.conv3x3
# Loading E:\USYD\USYD_2-2\MTRX3700\ASSIGNMENT2\WORK\V9_Sample_Trained\build\msim.sync_ram
# onbreak {quit -code 1}
#  Warning: onbreak command for use within macro
#  onerror {quit -code 1}
#  Warning: onerror command for use within macro
#  run -all
# ALL TESTS PASSED: tb_course_conv3x3
# ** Note: $finish    : tb/tb_course_conv3x3.sv(32)
#    Time: 4090 ns  Iteration: 1  Instance: /tb_course_conv3x3
# Break in Module tb_course_conv3x3 at tb/tb_course_conv3x3.sv line 32
# Stopped at tb/tb_course_conv3x3.sv line 32
#  quit -code 0
# End time: 00:14:51 on Oct 08,2026, Elapsed time: 0:00:00
# Errors: 0, Warnings: 0
