Reading E:/intelFPGA_lite/18.1/modelsim_ase/tcl/vsim/pref.tcl

# 10.5b

# vsim -c -onfinish stop -lib E:\USYD\USYD_2-2\MTRX3700\ASSIGNMENT2\WORK\V9_Sample_Trained\build\msim tb_delay_buffer -do "onbreak {quit -code 1}; onerror {quit -code 1}; run -all; quit -code 0" 
# Start time: 00:15:28 on Oct 08,2026
# Loading sv_std.std
# Loading E:\USYD\USYD_2-2\MTRX3700\ASSIGNMENT2\WORK\V9_Sample_Trained\build\msim.tb_delay_buffer
# Loading E:\USYD\USYD_2-2\MTRX3700\ASSIGNMENT2\WORK\V9_Sample_Trained\build\msim.DelayBuffer
# Loading E:\USYD\USYD_2-2\MTRX3700\ASSIGNMENT2\WORK\V9_Sample_Trained\build\msim.sync_ram
# onbreak {quit -code 1}
#  Warning: onbreak command for use within macro
#  onerror {quit -code 1}
#  Warning: onerror command for use within macro
#  run -all
# ALL TESTS PASSED: tb_delay_buffer
# ** Note: $finish    : tb/tb_delay_buffer.sv(18)
#    Time: 10006 ns  Iteration: 0  Instance: /tb_delay_buffer
# Break in Module tb_delay_buffer at tb/tb_delay_buffer.sv line 18
# Stopped at tb/tb_delay_buffer.sv line 18
#  quit -code 0
# End time: 00:15:29 on Oct 08,2026, Elapsed time: 0:00:01
# Errors: 0, Warnings: 0
