Reading E:/intelFPGA_lite/18.1/modelsim_ase/tcl/vsim/pref.tcl

# 10.5b

# vsim -c -onfinish stop -lib E:\USYD\USYD_2-2\MTRX3700\ASSIGNMENT2\WORK\V9_Sample_Trained\build\msim tb_image_store -do "onbreak {quit -code 1}; onerror {quit -code 1}; run -all; quit -code 0" 
# Start time: 00:15:35 on Oct 08,2026
# Loading sv_std.std
# Loading E:\USYD\USYD_2-2\MTRX3700\ASSIGNMENT2\WORK\V9_Sample_Trained\build\msim.tb_image_store
# Loading E:\USYD\USYD_2-2\MTRX3700\ASSIGNMENT2\WORK\V9_Sample_Trained\build\msim.image_store
# onbreak {quit -code 1}
#  Warning: onbreak command for use within macro
#  onerror {quit -code 1}
#  Warning: onerror command for use within macro
#  run -all
# ALL TESTS PASSED: tb_image_store
# ** Note: $finish    : tb/tb_image_store.sv(43)
#    Time: 4300808 ns  Iteration: 0  Instance: /tb_image_store
# Break in Module tb_image_store at tb/tb_image_store.sv line 43
# Stopped at tb/tb_image_store.sv line 43
#  quit -code 0
# End time: 00:15:38 on Oct 08,2026, Elapsed time: 0:00:03
# Errors: 0, Warnings: 0
