Reading E:/intelFPGA_lite/18.1/modelsim_ase/tcl/vsim/pref.tcl

# 10.5b

# vsim -c -onfinish stop -lib E:\USYD\USYD_2-2\MTRX3700\ASSIGNMENT2\WORK\V9_Sample_Trained\build\msim tb_piano_thresholds -do "onbreak {quit -code 1}; onerror {quit -code 1}; run -all; quit -code 0" 
# Start time: 00:16:32 on Oct 08,2026
# Loading sv_std.std
# Loading E:\USYD\USYD_2-2\MTRX3700\ASSIGNMENT2\WORK\V9_Sample_Trained\build\msim.tb_piano_thresholds
# Loading E:\USYD\USYD_2-2\MTRX3700\ASSIGNMENT2\WORK\V9_Sample_Trained\build\msim.piano_detector
# Loading E:\USYD\USYD_2-2\MTRX3700\ASSIGNMENT2\WORK\V9_Sample_Trained\build\msim.conv3x3
# Loading E:\USYD\USYD_2-2\MTRX3700\ASSIGNMENT2\WORK\V9_Sample_Trained\build\msim.sync_ram
# Loading E:\USYD\USYD_2-2\MTRX3700\ASSIGNMENT2\WORK\V9_Sample_Trained\build\msim.sobel
# ** Warning: (vsim-3017) tb/tb_piano_thresholds.sv(13): [TFMPC] - Too few port connections. Expected 25, found 22.
#    Time: 0 ps  Iteration: 0  Instance: /tb_piano_thresholds/dut File: rtl/piano_detector.sv
# ** Warning: (vsim-3722) tb/tb_piano_thresholds.sv(13): [TFMPC] - Missing connection for port 'local_average'.
# ** Warning: (vsim-3722) tb/tb_piano_thresholds.sv(13): [TFMPC] - Missing connection for port 'selected_adaptive'.
# ** Warning: (vsim-3722) tb/tb_piano_thresholds.sv(13): [TFMPC] - Missing connection for port 'selected_smoothing'.
# onbreak {quit -code 1}
#  Warning: onbreak command for use within macro
#  onerror {quit -code 1}
#  Warning: onerror command for use within macro
#  run -all
# ALL TESTS PASSED: tb_piano_thresholds
# ** Note: $finish    : tb/tb_piano_thresholds.sv(53)
#    Time: 123206 ns  Iteration: 0  Instance: /tb_piano_thresholds
# Break in Module tb_piano_thresholds at tb/tb_piano_thresholds.sv line 53
# Stopped at tb/tb_piano_thresholds.sv line 53
#  quit -code 0
# End time: 00:16:33 on Oct 08,2026, Elapsed time: 0:00:01
# Errors: 0, Warnings: 4
