Reading E:/intelFPGA_lite/18.1/modelsim_ase/tcl/vsim/pref.tcl

# 10.5b

# vsim -c -onfinish stop -lib E:\USYD\USYD_2-2\MTRX3700\ASSIGNMENT2\WORK\V9_Sample_Trained\build\msim tb_piano_detector_hd -do "onbreak {quit -code 1}; onerror {quit -code 1}; run -all; quit -code 0" 
# Start time: 00:16:22 on Oct 08,2026
# Loading sv_std.std
# Loading E:\USYD\USYD_2-2\MTRX3700\ASSIGNMENT2\WORK\V9_Sample_Trained\build\msim.tb_piano_detector_hd
# Loading E:\USYD\USYD_2-2\MTRX3700\ASSIGNMENT2\WORK\V9_Sample_Trained\build\msim.piano_detector
# Loading E:\USYD\USYD_2-2\MTRX3700\ASSIGNMENT2\WORK\V9_Sample_Trained\build\msim.conv3x3
# Loading E:\USYD\USYD_2-2\MTRX3700\ASSIGNMENT2\WORK\V9_Sample_Trained\build\msim.sync_ram
# Loading E:\USYD\USYD_2-2\MTRX3700\ASSIGNMENT2\WORK\V9_Sample_Trained\build\msim.sobel
# Loading E:\USYD\USYD_2-2\MTRX3700\ASSIGNMENT2\WORK\V9_Sample_Trained\build\msim.image_store
# onbreak {quit -code 1}
#  Warning: onbreak command for use within macro
#  onerror {quit -code 1}
#  Warning: onerror command for use within macro
#  run -all
# R-V4 reference boundaries = 8
#   boundary[0] = 20
#   boundary[1] = 61
#   boundary[2] = 100
#   boundary[3] = 137
#   boundary[4] = 171
#   boundary[5] = 209
#   boundary[6] = 250
#   boundary[7] = 299
# ALL TESTS PASSED: tb_piano_detector_hd
# ** Note: $finish    : tb/tb_piano_detector_hd.sv(407)
#    Time: 4698480 ns  Iteration: 1  Instance: /tb_piano_detector_hd
# Break in Module tb_piano_detector_hd at tb/tb_piano_detector_hd.sv line 407
# Stopped at tb/tb_piano_detector_hd.sv line 407
#  quit -code 0
# End time: 00:16:31 on Oct 08,2026, Elapsed time: 0:00:09
# Errors: 0, Warnings: 0
