Reading E:/intelFPGA_lite/18.1/modelsim_ase/tcl/vsim/pref.tcl

# 10.5b

# vsim -c -onfinish stop -lib E:\USYD\USYD_2-2\MTRX3700\ASSIGNMENT2\WORK\V9_Sample_Trained\build\msim tb_reaction_time_fsm -do "onbreak {quit -code 1}; onerror {quit -code 1}; run -all; quit -code 0" 
# Start time: 00:16:34 on Oct 08,2026
# Loading sv_std.std
# Loading E:\USYD\USYD_2-2\MTRX3700\ASSIGNMENT2\WORK\V9_Sample_Trained\build\msim.tb_reaction_time_fsm
# Loading E:\USYD\USYD_2-2\MTRX3700\ASSIGNMENT2\WORK\V9_Sample_Trained\build\msim.reaction_time_fsm
# onbreak {quit -code 1}
#  Warning: onbreak command for use within macro
#  onerror {quit -code 1}
#  Warning: onerror command for use within macro
#  run -all
# ALL TESTS PASSED: tb_reaction_time_fsm
# ** Note: $finish    : tb/tb_reaction_time_fsm.sv(112)
#    Time: 183 ns  Iteration: 0  Instance: /tb_reaction_time_fsm
# Break in Module tb_reaction_time_fsm at tb/tb_reaction_time_fsm.sv line 112
# Stopped at tb/tb_reaction_time_fsm.sv line 112
#  quit -code 0
# End time: 00:16:35 on Oct 08,2026, Elapsed time: 0:00:01
# Errors: 0, Warnings: 0
