Reading E:/intelFPGA_lite/18.1/modelsim_ase/tcl/vsim/pref.tcl

# 10.5b

# vsim -c -onfinish stop -lib E:\USYD\USYD_2-2\MTRX3700\ASSIGNMENT2\WORK\V9_Sample_Trained\build\msim tb_sync_ram -do "onbreak {quit -code 1}; onerror {quit -code 1}; run -all; quit -code 0" 
# Start time: 00:16:38 on Oct 08,2026
# Loading sv_std.std
# Loading E:\USYD\USYD_2-2\MTRX3700\ASSIGNMENT2\WORK\V9_Sample_Trained\build\msim.tb_sync_ram
# Loading E:\USYD\USYD_2-2\MTRX3700\ASSIGNMENT2\WORK\V9_Sample_Trained\build\msim.sync_ram
# onbreak {quit -code 1}
#  Warning: onbreak command for use within macro
#  onerror {quit -code 1}
#  Warning: onerror command for use within macro
#  run -all
# ALL TESTS PASSED: tb_sync_ram
# ** Note: $finish    : tb/tb_sync_ram.sv(20)
#    Time: 1366 ns  Iteration: 0  Instance: /tb_sync_ram
# Break in Module tb_sync_ram at tb/tb_sync_ram.sv line 20
# Stopped at tb/tb_sync_ram.sv line 20
#  quit -code 0
# End time: 00:16:39 on Oct 08,2026, Elapsed time: 0:00:01
# Errors: 0, Warnings: 0
