Reading E:/intelFPGA_lite/18.1/modelsim_ase/tcl/vsim/pref.tcl

# 10.5b

# vsim -c -onfinish stop -lib E:\USYD\USYD_2-2\MTRX3700\ASSIGNMENT2\WORK\V9_Sample_Trained\build\msim tb_video_source -do "onbreak {quit -code 1}; onerror {quit -code 1}; run -all; quit -code 0" 
# Start time: 00:16:42 on Oct 08,2026
# Loading sv_std.std
# Loading E:\USYD\USYD_2-2\MTRX3700\ASSIGNMENT2\WORK\V9_Sample_Trained\build\msim.tb_video_source
# Loading E:\USYD\USYD_2-2\MTRX3700\ASSIGNMENT2\WORK\V9_Sample_Trained\build\msim.video_source
# onbreak {quit -code 1}
#  Warning: onbreak command for use within macro
#  onerror {quit -code 1}
#  Warning: onerror command for use within macro
#  run -all
# ALL TESTS PASSED: tb_video_source
# ** Note: $finish    : tb/tb_video_source.sv(43)
#    Time: 328985 ns  Iteration: 1  Instance: /tb_video_source
# Break in Module tb_video_source at tb/tb_video_source.sv line 43
# Stopped at tb/tb_video_source.sv line 43
#  quit -code 0
# End time: 00:16:43 on Oct 08,2026, Elapsed time: 0:00:01
# Errors: 0, Warnings: 0
